[2026-08-25 14:26:55] === 啟動 ===
[2026-08-25 14:26:59] 視窗已開，等它關閉
[2026-08-25 14:29:18] 視窗關閉，收掉伺服器
[2026-08-25 14:29:18] === 結束 ===
[2026-08-25 14:31:23] === 啟動 ===
[2026-08-25 14:31:28] 視窗已開，等它關閉
[2026-08-25 14:31:28] 視窗關閉，收掉伺服器
[2026-08-25 14:31:28] === 結束 ===
[2026-08-25 14:33:18] === 啟動 ===
[2026-08-25 14:33:23] 視窗已開，等它關閉
[2026-08-25 14:36:53] 面板結束（離開碼 4294967295），10 秒後重開
[2026-08-25 14:37:04] 已經有面板在跑，看門狗結束
[2026-08-25 14:39:07] 視窗關閉，收掉伺服器
[2026-08-25 14:39:07] === 結束 ===
[2026-08-25 14:41:21] === 啟動 ===
[2026-08-25 14:41:21] 伺服器本來就在跑，只開視窗
[2026-08-25 14:41:21] 安裝模式：開普通視窗讓他按安裝
[2026-08-25 14:41:21] 視窗已開，等它關閉
[2026-08-25 14:41:51] === 結束 ===
[2026-08-28 12:03:38] === 啟動 ===
[2026-08-28 12:03:46] 以已安裝的應用程式開啟（app-id gflghkeoenmpajpibkmhelgbooaocgbf）
[2026-08-28 12:03:46] 視窗已開，等它關閉
[2026-08-28 12:03:47] 視窗關閉，收掉伺服器
[2026-08-28 12:03:47] === 結束 ===
[2026-08-28 12:06:37] === 啟動 ===
[2026-08-28 12:06:41] 以已安裝的應用程式開啟（app-id gflghkeoenmpajpibkmhelgbooaocgbf）
[2026-08-28 12:06:41] 視窗已開，等它關閉
[2026-08-28 12:07:22] 已經 41 秒沒有人在看，視為視窗已關閉
[2026-08-28 12:07:22] 視窗關閉，收掉伺服器
[2026-08-28 12:07:22] === 結束 ===
[2026-08-28 12:10:38] === 啟動 ===
[2026-08-28 12:10:43] 開啟視窗（已安裝 gflghkeoenmpajpibkmhelgbooaocgbf）
[2026-08-28 12:10:43] 視窗已開，等它關閉
[2026-08-28 12:12:38] 已經 12 秒沒有人在看，視為視窗已關閉
[2026-08-28 12:12:38] 視窗關閉，收掉伺服器
[2026-08-28 12:12:38] === 結束 ===
[2026-08-28 12:13:33] === 啟動 ===
[2026-08-28 12:13:38] 開啟視窗（已安裝 gflghkeoenmpajpibkmhelgbooaocgbf）
[2026-08-28 12:13:38] 視窗已開，等它關閉
